// Jest Snapshot v1, https://goo.gl/fbAQLP

exports[`Testing <Loader/> Loader have rendered correctly 1`] = `
<div
  className="preloader-wrapper active"
>
  <div
    className="spinner-layer spinner-red-only"
  >
    <div
      className="circle-clipper left"
    >
      <div
        className="circle"
      />
    </div>
    <div
      className="gap-patch"
    >
      <div
        className="circle"
      />
    </div>
    <div
      className="circle-clipper right"
    >
      <div
        className="circle"
      />
    </div>
  </div>
</div>
`;

exports[`Testing <SettingsPage/> SettingsPage have rendered correctly 1`] = `
<div
  className="settings-wrapper"
>
  <div
    className="settings-container"
  >
    <div
      className="setting"
    >
      <button
        className="waves-effect waves-light btn grey lighten-1 back-image"
        onClick={[Function]}
        type="button"
      >
        Background image
      </button>
      <button
        className="info btn-floating waves-effect waves-light red"
        type="button"
      >
        info
      </button>
    </div>
    <div
      className="setting"
    >
      <div
        className="color-input-container card-panel lighten-2 grey lighten-1"
      >
        <p
          className="input-name back-name"
        >
          Background color
          <img
            alt="arrow"
            className="arrow-back"
            src="right-arrow.png"
          />
        </p>
        <input
          onChange={[Function]}
          type="color"
        />
      </div>
      <button
        className="info btn-floating waves-effect waves-light red"
        type="button"
      >
        info
      </button>
    </div>
    <div
      className="setting"
    >
      <div
        className="color-input-container card-panel lighten-2 grey lighten-1"
      >
        <p
          className="input-name"
        >
          Font color
          <img
            alt="arrow"
            className="arrow-font"
            src="right-arrow.png"
          />
        </p>
        <input
          onChange={[Function]}
          type="color"
        />
      </div>
      <button
        className="info btn-floating waves-effect waves-light red"
        type="button"
      >
        info
      </button>
    </div>
    <div
      className="setting"
    >
      <div
        className="font-size-container card-panel lighten-2"
      >
        <button
          className="font-handler font-pl btn grey lighten-1"
          onClick={[Function]}
          type="button"
        >
          Font +
        </button>
        <button
          className="font-handler font-min btn grey lighten-1"
          onClick={[Function]}
          type="button"
        >
          Font -
        </button>
      </div>
      <button
        className="info btn-floating waves-effect waves-light red"
        type="button"
      >
        info
      </button>
    </div>
    <button
      className="btn grey lighten-2 reset"
      onClick={[Function]}
      type="button"
    >
      Reset styles
    </button>
  </div>
</div>
`;
